case__100: 
datapath__41: 
logic__1193: 
datapath__1: 
datapath__14: 
case__72: 
logic__483: 
datapath__106: 
reg__52: 
datapath__22: 
logic__728: 
logic__599: 
case__195: 
logic__507: 
logic__1522: 
datapath__241: 
datapath__187: 
datapath__162: 
datapath__124: 
datapath__85: 
datapath__120: 
logic__973: 
counter__1: 
logic__497: 
reg__73: 
case__134: 
datapath__198: 
datapath__66: 
datapath__31: 
signinv__6: 
case__160: 
dsp48e1: 
logic__1185: 
datapath__168: 
datapath__178: 
logic__968: 
case__220: 
datapath__58: 
datapath__60: 
logic__435: 
logic__1042: 
logic__1142: 
muxpart__1: 
logic__537: 
muxpart__2: 
logic__482: 
logic__1250: 
muxpart__51: 
logic__842: 
muxpart__89: 
signinv__5: 
case__174: 
muxpart__91: 
logic__872: 
logic__1023: 
logic__169: 
logic__1203: 
logic__1046: 
case__183: 
datapath__64: 
reg__24: 
logic__275: 
case__142: 
dsp48e1__9: 
datapath__139: 
datapath__233: 
reg__2: 
case__67: 
reg__75: 
case__203: 
logic__513: 
dino_top: 
reg__81: 
case__98: 
datapath__73: 
datapath__177: 
case__9: 
logic__316: 
logic__747: 
muxpart__75: 
case__46: 
logic__415: 
case__182: 
datapath__52: 
datapath__148: 
logic__899: 
muxpart__88: 
reg__90: 
logic__831: 
reg__94: 
logic__1038: 
datapath__174: 
datapath__225: 
logic__43: 
logic__1409: 
logic__893: 
datapath__80: 
case__6: 
case__129: 
datapath__196: 
datapath__183: 
logic__679: 
logic__1196: 
case__213: 
logic__850: 
datapath__10: 
logic__1229: 
muxpart__4: 
logic__961: 
logic__1226: 
datapath__45: 
logic__1320: 
case__177: 
reg__130: 
logic__1017: 
muxpart__52: 
logic__477: 
case__76: 
datapath__97: 
datapath__40: 
dsp48e1__19: 
datapath__143: 
logic__848: 
case__171: 
logic__996: 
case__178: 
datapath__128: 
datapath__37: 
logic__820: 
datapath__114: 
datapath__104: 
speaker_control: 
muxpart__73: 
reg__93: 
logic__426: 
logic__1168: 
datapath__116: 
logic__35: 
datapath__48: 
logic__448: 
datapath__237: 
datapath__157: 
logic__133: 
case__208: 
case__202: 
signinv__3: 
dsp48e1__5: 
case__218: 
case__88: 
datapath__91: 
datapath__93: 
datapath__228: 
logic__1198: 
note_gen: 
case__140: 
datapath__24: 
logic__1044: 
logic__129: 
case__222: 
logic__1214: 
reg__39: 
case__120: 
SevenSegment: 
logic__1330: 
logic__998: 
logic__974: 
reg__56: 
logic__1006: 
case__240: 
case__48: 
reg__4: 
muxpart__35: 
logic__873: 
logic__1404: 
logic__1240: 
logic__1180: 
datapath__101: 
reg__65: 
datapath__51: 
datapath__176: 
logic__598: 
muxpart__3: 
logic__856: 
logic__867: 
case__143: 
logic__1192: 
datapath__94: 
case__185: 
reg__103: 
logic__847: 
datapath__55: 
case__199: 
case__146: 
signinv__4: 
logic__468: 
case__126: 
reg__7: 
logic__1276: 
logic__1143: 
logic__647: 
reg__36: 
datapath__2: 
case__212: 
logic__1015: 
case__200: 
logic__825: 
case__97: 
datapath__71: 
datapath__7: 
case__186: 
datapath__217: 
logic__1094: 
case__225: 
datapath__146: 
logic__39: 
case__234: 
logic__1050: 
datapath__84: 
logic__205: 
datapath__208: 
logic__1065: 
logic__917: 
logic__404: 
signinv__7: 
logic__247: 
logic__332: 
case__148: 
counter__5: 
logic__649: 
datapath__132: 
reg__87: 
datapath__193: 
counter__4: 
case__197: 
logic__558: 
datapath__189: 
logic__905: 
vga_controller: 
logic__722: 
datapath__118: 
datapath__87: 
datapath__76: 
case__173: 
logic__26: 
logic__738: 
logic__1358: 
logic__544: 
datapath__204: 
logic__829: 
case__215: 
reg__53: 
logic__908: 
logic__384: 
logic__830: 
datapath__175: 
logic__733: 
logic__1124: 
datapath__54: 
case__153: 
logic__648: 
muxpart__90: 
logic__1428: 
datapath__173: 
logic__1189: 
logic__1509: 
datapath__150: 
datapath__149: 
datapath__121: 
case__112: 
logic__707: 
datapath__212: 
datapath__15: 
PosCounter: 
logic__1361: 
logic__1407: 
logic__853: 
logic__626: 
muxpart__92: 
datapath__206: 
logic__880: 
reg__62: 
case__247: 
logic__1357: 
case__207: 
datapath__239: 
logic__1066: 
case__11: 
datapath__19: 
case__211: 
reg__83: 
case__116: 
logic__495: 
case__259: 
logic__467: 
logic__729: 
logic__1022: 
case__130: 
logic__740: 
reg__19: 
case__193: 
logic__1236: 
logic__999: 
reg__109: 
datapath__129: 
case__152: 
case__74: 
logic__1165: 
reg__8: 
reg__11: 
one_pulse: 
dsp48e1__1: 
logic__690: 
case__131: 
reg__43: 
datapath__17: 
datapath__152: 
case__56: 
case__144: 
muxpart__65: 
logic__987: 
logic__693: 
case__252: 
logic__530: 
datapath__46: 
case__132: 
counter__2: 
logic__1493: 
muxpart__82: 
case__149: 
case__248: 
logic__1378: 
datapath__136: 
signinv: 
logic__737: 
reg__122: 
datapath__190: 
datapath__113: 
reg__55: 
datapath__229: 
datapath__215: 
reg__76: 
reg__12: 
datapath__18: 
datapath__155: 
dsp48e1__8: 
logic__1120: 
logic__1110: 
logic__19: 
reg__45: 
logic__1100: 
datapath__145: 
datapath__50: 
logic__816: 
logic__1195: 
logic__520: 
datapath__39: 
logic__1412: 
logic__1136: 
case__121: 
datapath__67: 
datapath__207: 
logic__976: 
logic__902: 
datapath__202: 
reg__98: 
logic__1014: 
datapath__166: 
logic__244: 
reg__79: 
logic__220: 
datapath__142: 
case__245: 
datapath__209: 
logic__970: 
logic__422: 
muxpart__58: 
logic__457: 
logic__164: 
logic__991: 
reg__72: 
logic__1230: 
logic__293: 
logic__224: 
logic__1129: 
logic__878: 
logic__253: 
case__249: 
logic__739: 
logic__140: 
logic__1109: 
reg: 
muxpart__69: 
case__232: 
reg__80: 
logic__47: 
logic__1245: 
logic__367: 
reg__127: 
logic__1354: 
logic__1311: 
logic__351: 
datapath__130: 
counter: 
logic__659: 
reg__69: 
reg__131: 
datapath__226: 
logic__1177: 
datapath__11: 
case__147: 
signinv__9: 
logic__1505: 
logic__995: 
muxpart__67: 
logic__1016: 
datapath__126: 
logic__352: 
datapath__83: 
datapath__186: 
datapath: 
case__99: 
logic__442: 
reg__16: 
datapath__98: 
case__2: 
datapath__188: 
muxpart__83: 
datapath__53: 
datapath__231: 
datapath__123: 
logic__1001: 
reg__57: 
logic: 
muxpart__37: 
logic__593: 
case__214: 
case__188: 
datapath__108: 
logic__1161: 
logic__914: 
logic__608: 
logic__1253: 
reg__106: 
datapath__115: 
logic__326: 
logic__243: 
datapath__216: 
rom__1: 
logic__658: 
case__162: 
logic__370: 
case__163: 
counter__8: 
logic__1499: 
datapath__131: 
logic__874: 
datapath__72: 
dsp48e1__14: 
case__221: 
datapath__74: 
reg__3: 
logic__120: 
datapath__127: 
logic__877: 
reg__21: 
reg__71: 
datapath__243: 
datapath__192: 
case__217: 
case__210: 
reg__129: 
datapath__35: 
datapath__154: 
case__204: 
muxpart__68: 
muxpart__39: 
datapath__29: 
datapath__25: 
logic__978: 
signinv__8: 
logic__292: 
case__94: 
logic__849: 
logic__496: 
case__191: 
case__246: 
reg__114: 
logic__571: 
logic__1020: 
datapath__70: 
reg__97: 
logic__1341: 
logic__1040: 
reg__54: 
muxpart__5: 
logic__1368: 
logic__1326: 
case__243: 
logic__1348: 
signinv__2: 
case__102: 
case__55: 
reg__126: 
datapath__141: 
datapath__42: 
logic__210: 
case__255: 
case__223: 
counter__6: 
logic__896: 
case__5: 
logic__1172: 
reg__101: 
reg__108: 
datapath__27: 
logic__1184: 
datapath__160: 
logic__972: 
logic__763: 
logic__1365: 
case__250: 
logic__173: 
case__128: 
case__262: 
reg__100: 
sonic_top: 
logic__1433: 
logic__1108: 
logic__256: 
datapath__197: 
datapath__200: 
logic__993: 
logic__632: 
case__164: 
datapath__82: 
logic__48: 
datapath__201: 
case__1: 
case__124: 
datapath__211: 
logic__1082: 
reg__31: 
case__66: 
logic__132: 
reg__85: 
rom: 
datapath__92: 
logic__1314: 
logic__735: 
logic__669: 
logic__1041: 
logic__122: 
logic__1415: 
case__228: 
logic__1197: 
case__71: 
datapath__96: 
logic__673: 
datapath__203: 
case__190: 
logic__221: 
logic__718: 
datapath__246: 
logic__1235: 
case__201: 
dsp48e1__4: 
logic__742: 
datapath__62: 
reg__124: 
datapath__137: 
logic__1317: 
logic__359: 
reg__66: 
logic__643: 
case__133: 
reg__120: 
logic__1401: 
datapath__134: 
reg__14: 
logic__358: 
datapath__224: 
logic__121: 
case__95: 
datapath__68: 
reg__77: 
logic__1424: 
logic__242: 
muxpart__74: 
reg__15: 
case__89: 
logic__1519: 
case__168: 
logic__1263: 
datapath__117: 
logic__1497: 
logic__834: 
debounce: 
reg__34: 
logic__1501: 
case__184: 
datapath__105: 
datapath__222: 
logic__288: 
logic__653: 
case__47: 
logic__241: 
reg__32: 
logic__444: 
case__180: 
logic__1257: 
case__224: 
case__196: 
case__192: 
datapath__47: 
logic__216: 
muxpart__93: 
datapath__194: 
datapath__43: 
reg__117: 
dsp48e1__20: 
datapath__125: 
logic__168: 
logic__13: 
counter__7: 
datapath__138: 
datapath__171: 
logic__1137: 
reg__63: 
logic__1515: 
datapath__13: 
case__169: 
case__233: 
logic__1059: 
logic__22: 
case__49: 
logic__1234: 
logic__175: 
case__104: 
logic__854: 
case__10: 
reg__35: 
dsp48e1__17: 
reg__105: 
logic__134: 
reg__70: 
datapath__230: 
datapath__164: 
case__198: 
logic__171: 
logic__1441: 
logic__1328: 
logic__646: 
logic__1043: 
reg__88: 
muxpart__36: 
datapath__107: 
dsp48e1__12: 
case__231: 
datapath__32: 
reg__59: 
datapath__30: 
muxpart__72: 
case__189: 
logic__1482: 
dsp48e1__18: 
case__165: 
datapath__220: 
TrigSignal: 
KeyboardDecoder: 
logic__228: 
datapath__205: 
logic__123: 
logic__1019: 
logic__785: 
datapath__8: 
logic__1174: 
logic__983: 
logic__1514: 
logic__438: 
logic__1344: 
datapath__165: 
datapath__20: 
logic__568: 
logic__1199: 
datapath__9: 
case__206: 
reg__42: 
datapath__232: 
logic__355: 
case__125: 
logic__879: 
datapath__75: 
datapath__185: 
logic__683: 
reg__128: 
logic__1418: 
datapath__119: 
logic__1099: 
datapath__144: 
datapath__199: 
datapath__181: 
logic__531: 
dsp48e1__3: 
datapath__88: 
logic__975: 
datapath__147: 
reg__86: 
case__179: 
reg__107: 
logic__1058: 
logic__262: 
logic__1101: 
datapath__100: 
logic__1371: 
logic__519: 
reg__1: 
logic__977: 
logic__565: 
case__118: 
datapath__4: 
case__253: 
reg__119: 
datapath__34: 
logic__557: 
logic__575: 
datapath__221: 
reg__99: 
reg__23: 
reg__40: 
case__93: 
logic__1386: 
case__176: 
reg__61: 
logic__1437: 
datapath__86: 
logic__284: 
reg__113: 
muxpart__78: 
case__73: 
reg__60: 
muxpart__79: 
logic__859: 
logic__1051: 
logic__887: 
case__151: 
logic__964: 
reg__41: 
logic__686: 
case__103: 
reg__46: 
case__138: 
datapath__182: 
logic__294: 
reg__22: 
case__235: 
logic__1298: 
reg__84: 
KeyboardCtrl: 
case__145: 
case__110: 
case__230: 
reg__89: 
muxpart__76: 
logic__486: 
reg__5: 
logic__1511: 
datapath__218: 
reg__47: 
logic__994: 
logic__1292: 
logic__828: 
case__4: 
case__69: 
datapath__236: 
logic__997: 
logic__630: 
datapath__242: 
case__236: 
case__172: 
datapath__63: 
muxpart__94: 
case__216: 
logic__911: 
logic__697: 
case__53: 
case: 
logic__963: 
case__123: 
logic__524: 
Ps2Interface: 
logic__527: 
case__205: 
reg__95: 
logic__1268: 
logic__441: 
reg__67: 
logic__212: 
reg__96: 
logic__1432: 
logic__464: 
logic__489: 
dsp48e1__10: 
logic__833: 
reg__44: 
reg__13: 
logic__40: 
datapath__227: 
datapath__179: 
muxpart: 
case__254: 
logic__1010: 
datapath__6: 
logic__166: 
logic__890: 
logic__240: 
reg__121: 
case__122: 
logic__1339: 
logic__971: 
datapath__23: 
datapath__235: 
logic__826: 
datapath__223: 
logic__1486: 
logic__642: 
datapath__89: 
logic__1000: 
logic__1054: 
datapath__77: 
datapath__156: 
logic__1389: 
logic__460: 
logic__23: 
logic__338: 
reg__25: 
datapath__65: 
logic__1194: 
logic__633: 
logic__1384: 
reg__82: 
datapath__44: 
case__159: 
datapath__140: 
datapath__245: 
reg__6: 
datapath__244: 
datapath__81: 
logic__387: 
case__113: 
reg__118: 
logic__884: 
logic__126: 
case__91: 
logic__397: 
case__166: 
datapath__99: 
logic__1506: 
datapath__184: 
logic__588: 
logic__174: 
logic__838: 
logic__137: 
logic__215: 
case__241: 
case__8: 
case__170: 
logic__271: 
datapath__238: 
muxpart__64: 
logic__871: 
datapath__133: 
muxpart__61: 
dsp48e1__7: 
datapath__219: 
logic__1084: 
logic__1381: 
case__219: 
logic__711: 
case__260: 
case__141: 
logic__741: 
logic__723: 
reg__78: 
case__156: 
datapath__191: 
case__101: 
logic__1190: 
case__135: 
logic__946: 
logic__863: 
reg__28: 
muxpart__38: 
datapath__49: 
logic__1395: 
muxpart__80: 
datapath__109: 
logic__852: 
logic__1510: 
case__251: 
datapath__169: 
datapath__111: 
logic__1030: 
logic__824: 
div: 
datapath__213: 
datapath__102: 
datapath__3: 
clock_divider: 
muxpart__59: 
datapath__240: 
muxpart__62: 
datapath__172: 
reg__20: 
case__139: 
case__181: 
signinv__1: 
case__52: 
logic__504: 
logic__1521: 
dino_logic: 
logic__1055: 
reg__68: 
logic__516: 
logic__592: 
datapath__95: 
logic__1029: 
reg__27: 
logic__348: 
case__244: 
logic__957: 
logic__920: 
logic__992: 
datapath__135: 
case__257: 
datapath__36: 
case__44: 
case__3: 
muxpart__87: 
datapath__59: 
logic__20: 
logic__639: 
logic__564: 
case__115: 
case__157: 
case__68: 
logic__1024: 
logic__734: 
logic__876: 
muxpart__60: 
datapath__5: 
logic__443: 
case__92: 
logic__875: 
reg__33: 
datapath__12: 
reg__64: 
case__263: 
case__51: 
logic__969: 
case__117: 
logic__9: 
datapath__57: 
reg__49: 
reg__125: 
logic__727: 
logic__674: 
logic__492: 
case__242: 
datapath__158: 
dsp48e1__16: 
logic__1244: 
logic__1148: 
logic__1262: 
logic__1233: 
datapath__33: 
logic__1045: 
logic__851: 
datapath__103: 
case__137: 
reg__102: 
logic__474: 
datapath__38: 
muxpart__77: 
datapath__78: 
logic__662: 
counter__3: 
dsp48e1__13: 
logic__1018: 
logic__1039: 
datapath__28: 
reg__116: 
muxpart__70: 
logic__543: 
case__50: 
case__229: 
logic__219: 
dsp48e1__2: 
logic__1191: 
reg__10: 
logic__736: 
logic__1104: 
datapath__21: 
logic__1301: 
logic__1116: 
case__70: 
datapath__153: 
datapath__112: 
datapath__151: 
datapath__214: 
muxpart__81: 
datapath__56: 
datapath__16: 
datapath__180: 
dsp48e1__6: 
muxpart__66: 
case__96: 
case__194: 
case__167: 
reg__9: 
logic__956: 
logic__3: 
reg__115: 
logic__227: 
case__187: 
muxpart__63: 
datapath__210: 
case__155: 
logic__1392: 
logic__827: 
logic__461: 
logic__18: 
logic__846: 
logic__30: 
logic__287: 
dsp48e1__15: 
logic__714: 
case__175: 
logic__881: 
datapath__163: 
datapath__110: 
case__7: 
reg__48: 
logic__1337: 
datapath__61: 
case__127: 
datapath__161: 
logic__1222: 
logic__832: 
datapath__69: 
case__158: 
reg__91: 
logic__501: 
reg__74: 
case__154: 
case__57: 
logic__855: 
case__209: 
logic__217: 
logic__1351: 
reg__104: 
logic__580: 
logic__239: 
case__226: 
logic__1021: 
datapath__195: 
dsp48e1__11: 
logic__400: 
reg__58: 
case__12: 
datapath__90: 
logic__812: 
logic__453: 
datapath__79: 
case__45: 
logic__668: 
case__119: 
reg__112: 
reg__26: 
reg__92: 
case__90: 
logic__32: 
logic__376: 
muxpart__71: 
logic__283: 
case__256: 
case__227: 
logic__510: 
datapath__159: 
case__75: 
logic__952: 
logic__278: 
reg__123: 
datapath__234: 
logic__1034: 
case__261: 
datapath__170: 
